Enter password: ******
Welcome to the MySQL monitor.  Commands end with ; or \g.
Your MySQL connection id is 19
Server version: 5.5.41 MySQL Community Server (GPL)

Copyright (c) 2000, 2014, Oracle and/or its affiliates. All rights reserved.

Oracle is a registered trademark of Oracle Corporation and/or its
affiliates. Other names may be trademarks of their respective
owners.

Type 'help;' or '\h' for help. Type '\c' to clear the current input statement.

mysql> create database employee;
Query OK, 1 row affected (0.00 sec)

mysql> use employee;
Database changed
mysql> create table emp(ename varchar(10),ecity varchar(20),salary int,enumber int primary key auto_increment,eaddress varchar(50),deptname varchar(30));
Query OK, 0 rows affected (0.14 sec)

mysql> dece emp;
ERROR 1064 (42000): You have an error in your SQL syntax; check the manual that corresponds to your MySQL server version for the right syntax to use near 'dece emp' at line 1
mysql> desc emp;
+----------+-------------+------+-----+---------+----------------+
| Field    | Type        | Null | Key | Default | Extra          |
+----------+-------------+------+-----+---------+----------------+
| ename    | varchar(10) | YES  |     | NULL    |                |
| ecity    | varchar(20) | YES  |     | NULL    |                |
| salary   | int(11)     | YES  |     | NULL    |                |
| enumber  | int(11)     | NO   | PRI | NULL    | auto_increment |
| eaddress | varchar(50) | YES  |     | NULL    |                |
| deptname | varchar(30) | YES  |     | NULL    |                |
+----------+-------------+------+-----+---------+----------------+
6 rows in set (0.08 sec)

mysql> insert into(arun,alangudi,100000,101,pudukkodai,programmer),(aswin,thiruvarpur,1000000,trichy,gaming),(bala,marakadai,150000,trichy,hardwar);
ERROR 1064 (42000): You have an error in your SQL syntax; check the manual that corresponds to your MySQL server version for the right syntax to use near '(arun,alangudi,100000,101,pudukkodai,programmer),(aswin,thiruvarpur,1000000,tric' at line 1
mysql> insert into emp(arun,alangudi,100000,101,pudukkodai,programmer),(aswin,thiruvarpur,1000000,trichy,gaming),(bala,marakadai,150000,trichy,hardwar);
ERROR 1064 (42000): You have an error in your SQL syntax; check the manual that corresponds to your MySQL server version for the right syntax to use near '100000,101,pudukkodai,programmer),(aswin,thiruvarpur,1000000,trichy,gaming),(bal' at line 1
mysql> insert into emp("arun","alangudi",100000,101,"pudukkodai","programmer"),("aswin","thiruvarpur",1000000,"trichy","gaming"),("bala","marakadai",150000,"trichy","hardwar");
ERROR 1064 (42000): You have an error in your SQL syntax; check the manual that corresponds to your MySQL server version for the right syntax to use near '"arun","alangudi",100000,101,"pudukkodai","programmer"),("aswin","thiruvarpur",1' at line 1
mysql> insert into emp("arun","alangudi",100000,101,"pudukkodai","programmer");
ERROR 1064 (42000): You have an error in your SQL syntax; check the manual that corresponds to your MySQL server version for the right syntax to use near '"arun","alangudi",100000,101,"pudukkodai","programmer")' at line 1
mysql> insert into emp values("arun","alangudi",100000,101,"pudukkodai","programmer"),("aswin","thiruvarpur",1000000,"trichy","gaming"),("bala","marakadai",150000,"trichy","hardwar");
ERROR 1136 (21S01): Column count doesn't match value count at row 2
mysql> insert into emp values("arun","alangudi",100000,101,"pudukkodai","programmer");
Query OK, 1 row affected (0.08 sec)

mysql> insert into emp values("aswin","thirvapur",100000,"trichy","programmer");
ERROR 1136 (21S01): Column count doesn't match value count at row 1
mysql> insert into emp (ename,ecity,salary,address,deptname)values("aswin","thirvapur",100000,"trichy","programmer");
ERROR 1054 (42S22): Unknown column 'address' in 'field list'
mysql> insert into emp (ename,ecity,salary,eaddress,deptname)values("aswin","thirvapur",100000,"trichy","programmer");
Query OK, 1 row affected (0.09 sec)

mysql> insert into emp (ename,ecity,salary,eaddress,deptname)values("bala","marakadai",100000,"trichy","programmer");
Query OK, 1 row affected (0.08 sec)

mysql> desc emp;
+----------+-------------+------+-----+---------+----------------+
| Field    | Type        | Null | Key | Default | Extra          |
+----------+-------------+------+-----+---------+----------------+
| ename    | varchar(10) | YES  |     | NULL    |                |
| ecity    | varchar(20) | YES  |     | NULL    |                |
| salary   | int(11)     | YES  |     | NULL    |                |
| enumber  | int(11)     | NO   | PRI | NULL    | auto_increment |
| eaddress | varchar(50) | YES  |     | NULL    |                |
| deptname | varchar(30) | YES  |     | NULL    |                |
+----------+-------------+------+-----+---------+----------------+
6 rows in set (0.03 sec)

mysql> select*from emp;
+-------+-----------+--------+---------+------------+------------+
| ename | ecity     | salary | enumber | eaddress   | deptname   |
+-------+-----------+--------+---------+------------+------------+
| arun  | alangudi  | 100000 |     101 | pudukkodai | programmer |
| aswin | thirvapur | 100000 |     102 | trichy     | programmer |
| bala  | marakadai | 100000 |     103 | trichy     | programmer |
+-------+-----------+--------+---------+------------+------------+
3 rows in set (0.00 sec)

mysql> create table company(cname varchar(10),ccity varchar(20),enumber int primary key auto_increment);
Query OK, 0 rows affected (0.11 sec)

mysql> desc company;
+---------+-------------+------+-----+---------+----------------+
| Field   | Type        | Null | Key | Default | Extra          |
+---------+-------------+------+-----+---------+----------------+
| cname   | varchar(10) | YES  |     | NULL    |                |
| ccity   | varchar(20) | YES  |     | NULL    |                |
| enumber | int(11)     | NO   | PRI | NULL    | auto_increment |
+---------+-------------+------+-----+---------+----------------+
3 rows in set (0.03 sec)

mysql> insert into company value("tcs","pudukkodai",101);
Query OK, 1 row affected (0.09 sec)

mysql> insert into company (cname,ccity)value("tcs","pudukkodai",101);
ERROR 1136 (21S01): Column count doesn't match value count at row 1
mysql> insert into company (cname,ccity)value("tcs","trichy",);
ERROR 1064 (42000): You have an error in your SQL syntax; check the manual that corresponds to your MySQL server version for the right syntax to use near ')' at line 1
mysql> insert into company (cname,ccity)value("tcs","trichy");
Query OK, 1 row affected (0.08 sec)

mysql> insert into company (cname,ccity)value("tcs","madurai"),("infoses","trichy");
Query OK, 2 rows affected (0.05 sec)
Records: 2  Duplicates: 0  Warnings: 0

mysql> select*from company;
+---------+------------+---------+
| cname   | ccity      | enumber |
+---------+------------+---------+
| tcs     | pudukkodai |     101 |
| tcs     | trichy     |     102 |
| tcs     | madurai    |     103 |
| infoses | trichy     |     104 |
+---------+------------+---------+
4 rows in set (0.00 sec)

mysql>